
> frontend@0.1.0 build
> next build

▲ Next.js 16.1.7 (Turbopack)

  Creating an optimized production build ...
✓ Compiled successfully in 64s
  Running TypeScript ...
  Collecting page data using 3 workers ...
Error: Failed to collect configuration for /
    at ignore-listed frames {
  [cause]: ReferenceError: Cannot access 'jY' before initialization
      at module evaluation (.next/server/chunks/ssr/src_app_(main)_b8dd2687._.js:37:174040)
      at instantiateModule (.next/server/chunks/ssr/[turbopack]_runtime.js:740:9)
      at getOrInstantiateModuleFromParent (.next/server/chunks/ssr/[turbopack]_runtime.js:763:12)
      at Context.esmImport [as i] (.next/server/chunks/ssr/[turbopack]_runtime.js:228:20)
      at module evaluation (.next/server/chunks/ssr/_8a0e09b0._.js:1:87)
      at instantiateModule (.next/server/chunks/ssr/[turbopack]_runtime.js:740:9)
      at getOrInstantiateModuleFromParent (.next/server/chunks/ssr/[turbopack]_runtime.js:763:12)
      at Context.commonJsRequire [as r] (.next/server/chunks/ssr/[turbopack]_runtime.js:249:12)
      at J.children.children.page (.next/server/chunks/ssr/_8a0e09b0._.js:1:673)
}

> Build error occurred
Error: Failed to collect page data for /
    at ignore-listed frames {
  type: 'Error'
}
